// Jest Snapshot v1, https://goo.gl/fbAQLP

exports[`<Form/> should render successfully 1`] = `
<FormComponent
  onSubmit={[Function]}
>
  <Component
    id="user-name"
    name="Name"
    onChange={[Function]}
    placeholder="Who are you posting as?"
    value=""
  />
  <Component>
    <Component
      id="user-message"
      onChange={[Function]}
      placeholder="Join the discussion!"
      value=""
    />
    <Component
      disabled={true}
    >
      Post
    </Component>
  </Component>
</FormComponent>
`;
