// Jest Snapshot v1, https://goo.gl/fbAQLP

exports[`<Form/> should render successfully 1`] = `
<FormComponent
  onSubmit={[Function]}
>
  <Component
    id="user-name"
    name="Name"
    onChange={[Function]}
    placeholder="Enter your name"
    value=""
  />
  <Component
    id="user-message"
    onChange={[Function]}
    placeholder="Join the discussion!"
    value=""
  />
  <Component>
    Comment
  </Component>
</FormComponent>
`;
